[divergent.wp4life.com/index.html]
[backblue.gif]
[fade.gif]
[index.html]
[divergent.wp4life.com/images/favicon.ico]
[divergent.wp4life.com/css/normalize.css]
[divergent.wp4life.com/css/animate.css]
[divergent.wp4life.com/css/font-awesome.min.css]
[divergent.wp4life.com/css/style.css]
[divergent.wp4life.com/css/nerveslider.css]
[divergent.wp4life.com/css/tooltipster.css]
[divergent.wp4life.com/css/scrollbar.css]
[divergent.wp4life.com/css/lightgallery.css]
[divergent.wp4life.com/css/colors.css]
[divergent.wp4life.com/css/media.css]
[divergent.wp4life.com/css/nojs.css]
[divergent.wp4life.com/images/photos/img.jpg]
[divergent.wp4life.com/images/photos/img3.jpg]
[divergent.wp4life.com/images/photos/img4.jpg]
[divergent.wp4life.com/images/photos/img5.jpg]
[divergent.wp4life.com/images/photos/img3-small.jpg]
[divergent.wp4life.com/images/photos/img4-small.jpg]
[divergent.wp4life.com/images/photos/img5-small.jpg]
[divergent.wp4life.com/images/photos/p1-thumb.jpg]
[divergent.wp4life.com/images/photos/p2-thumb.jpg]
[divergent.wp4life.com/images/photos/p3-thumb.jpg]
[divergent.wp4life.com/single-slider.html]
[divergent.wp4life.com/images/photos/p4-thumb.jpg]
[divergent.wp4life.com/images/photos/p5-thumb.jpg]
[divergent.wp4life.com/images/photos/p-6.jpg]
[divergent.wp4life.com/single.html]
[divergent.wp4life.com/features.html]
[divergent.wp4life.com/images/photos/thumb.jpg]
[divergent.wp4life.com/images/photos/thumb1.jpg]
[divergent.wp4life.com/images/photos/thumb2.jpg]
[divergent.wp4life.com/images/photos/thumb3.jpg]
[divergent.wp4life.com/js/jquery.ascensor.min.js]
[divergent.wp4life.com/js/jquery-ui-custom.min.js]
[divergent.wp4life.com/js/nerveslider.min.js]
[divergent.wp4life.com/js/backstretch.min.js]
[divergent.wp4life.com/images/photos/img2.jpg]
[divergent.wp4life.com/js/jquery-1.11.3.min.js]
[divergent.wp4life.com/js/wookmark.js]
[divergent.wp4life.com/js/portfolio-trigger.js]
[divergent.wp4life.com/js/quovolver.js]
[divergent.wp4life.com/js/galleries.js]
[divergent.wp4life.com/js/scrollbar.js]
[divergent.wp4life.com/js/googlemap.js]
[divergent.wp4life.com/js/lightgallery.js]
[divergent.wp4life.com/index.html]
[divergent.wp4life.com/css/normalize.css]
[divergent.wp4life.com/css/animate.css]
[divergent.wp4life.com/js/home-custom.js]
[divergent.wp4life.com/fonts/fontawesome-webfont93e3.eot]
[divergent.wp4life.com/fonts/fontawesome-webfontd41d.eot]
[divergent.wp4life.com/fonts/fontawesome-webfont93e3.woff2]
[divergent.wp4life.com/fonts/fontawesome-webfont93e3.ttf]
[divergent.wp4life.com/css/font-awesome.min.css]
[divergent.wp4life.com/fonts/raleway-bold-webfontd41d.eot]
[divergent.wp4life.com/fonts/raleway-bold-webfont.woff]
[divergent.wp4life.com/fonts/raleway-bold-webfont.ttf]
[divergent.wp4life.com/fonts/raleway-regular-webfont.eot]
[divergent.wp4life.com/fonts/raleway-regular-webfontd41d.eot]
[divergent.wp4life.com/fonts/raleway-regular-webfont.ttf]
[divergent.wp4life.com/images/search.png]
[divergent.wp4life.com/images/loading.gif]
[divergent.wp4life.com/images/down.png]
[divergent.wp4life.com/images/up.png]
[divergent.wp4life.com/css/style.css]
[divergent.wp4life.com/css/icons/swatches/0,0,0,20.png]
[divergent.wp4life.com/css/icons/dummy.png]
[divergent.wp4life.com/css/icons/left.png]
[divergent.wp4life.com/css/icons/right.png]
[divergent.wp4life.com/css/icons/playpause.png]
[divergent.wp4life.com/css/icons/swatches/255,255,255,40.png]
[divergent.wp4life.com/css/icons/prev-dark.png]
[divergent.wp4life.com/css/icons/next-dark.png]
[divergent.wp4life.com/css/icons/play-pause-dark.png]
[divergent.wp4life.com/css/icons/swatches/0,0,0,30.png]
[divergent.wp4life.com/css/nerveslider.css]
[divergent.wp4life.com/css/tooltipster.css]
[divergent.wp4life.com/css/mCSB_buttons.png]
[divergent.wp4life.com/css/scrollbar.css]
[divergent.wp4life.com/fonts/lgd641.eot]
[divergent.wp4life.com/fonts/lgd41d.eot]
[divergent.wp4life.com/fonts/lgd641.woff]
[divergent.wp4life.com/fonts/lgd641.ttf]
[divergent.wp4life.com/images/vimeo-play.png]
[divergent.wp4life.com/images/video-play.png]
[divergent.wp4life.com/css/lightgallery.css]
[divergent.wp4life.com/css/colors.css]
[divergent.wp4life.com/css/media.css]
[divergent.wp4life.com/css/nojs.css]
[divergent.wp4life.com/index-2.html]
[divergent.wp4life.com/images/photos/p1.jpg]
[divergent.wp4life.com/images/photos/p3.jpg]
[divergent.wp4life.com/images/photos/p5.jpg]
[divergent.wp4life.com/images/photos/p4.jpg]
[divergent.wp4life.com/js/accordion.js]
[divergent.wp4life.com/js/jflickrfeed.min.js]
[divergent.wp4life.com/js/custom.js]
[divergent.wp4life.com/single-slider.html]
[divergent.wp4life.com/single-video.html]
[divergent.wp4life.com/blog.html]
[divergent.wp4life.com/images/photos/blog-small2.jpg]
[divergent.wp4life.com/images/photos/blog-big2.jpg]
[divergent.wp4life.com/single.html]
[divergent.wp4life.com/images/photos/features-small.jpg]
[divergent.wp4life.com/images/photos/features.jpg]
[divergent.wp4life.com/js/tabs.js]
[divergent.wp4life.com/features.html]
[divergent.wp4life.com/fonts/fontawesome-webfont93e3.woff]
[divergent.wp4life.com/js/jquery.tooltipster.min.js]
[divergent.wp4life.com/fonts/raleway-bold-webfont.eot]
[divergent.wp4life.com/fonts/raleway-bold-webfont.svg]
[divergent.wp4life.com/fonts/raleway-regular-webfont.woff]
[divergent.wp4life.com/fonts/raleway-regular-webfont.svg]
[divergent.wp4life.com/fonts/lgd641.svg]
[divergent.wp4life.com/images/youtube-play.png]
[divergent.wp4life.com/index-2.html]
[divergent.wp4life.com/single-video.html]
[divergent.wp4life.com/images/photos/post1.jpg]
[divergent.wp4life.com/images/photos/post2.jpg]
[divergent.wp4life.com/js/youtube-player.js]
[divergent.wp4life.com/images/photos/post3.jpg]
[divergent.wp4life.com/images/photos/post4.jpg]
[divergent.wp4life.com/images/photos/post5.jpg]
[divergent.wp4life.com/images/photos/blog-big.jpg]
[divergent.wp4life.com/blog.html]
[divergent.wp4life.com/fonts/fontawesome-webfont93e3.svg]
[divergent.wp4life.com/css/youtube-player.css]
[divergent.wp4life.com/css/font/ytp-regular.eot]
[divergent.wp4life.com/css/youtube-player.css]
